
> task-management-frontend@0.0.0 build
> vite build

[36mvite v5.4.21 [32mbuilding for production...[36m[39m
transforming...
[32mÔ£ô[39m 1538 modules transformed.
rendering chunks...
computing gzip size...
[2m../dist/[22m[32mindex.html                 [39m[1m[2m  0.42 kB[22m[1m[22m[2m Ôöé gzip:  0.28 kB[22m
[2m../dist/[22m[35massets/index-BOk6cLot.css  [39m[1m[2m 28.16 kB[22m[1m[22m[2m Ôöé gzip:  5.23 kB[22m
[2m../dist/[22m[36massets/index-ChzNJTB3.js   [39m[1m[2m219.75 kB[22m[1m[22m[2m Ôöé gzip: 66.65 kB[22m
[32mÔ£ô built in 8.74s[39m
